利用可能ペア 28: AUD_CAD AUD_CHF AUD_JPY AUD_NZD AUD_USD CAD_CHF CAD_JPY CHF_JPY EUR_AUD EUR_CAD EUR_CHF EUR_GBP EUR_JPY EUR_NZD EUR_USD GBP_AUD GBP_CAD GBP_CHF GBP_JPY GBP_NZD GBP_USD NZD_CAD NZD_CHF NZD_JPY NZD_USD USD_CAD USD_CHF USD_JPY
AUD_CAD 790日
AUD_CHF 790日
AUD_JPY 790日
AUD_NZD 790日
AUD_USD 2036日
CAD_CHF 790日
CAD_JPY 790日
CHF_JPY 790日
EUR_AUD 790日
EUR_CAD 790日
EUR_CHF 790日
EUR_GBP 790日
EUR_JPY 790日
EUR_NZD 790日
EUR_USD 2036日
GBP_AUD 790日
GBP_CAD 790日
GBP_CHF 790日
GBP_JPY 790日
GBP_NZD 790日
GBP_USD 2036日
NZD_CAD 790日
NZD_CHF 476日
NZD_JPY 790日
NZD_USD 2036日
USD_CAD 790日
USD_CHF 790日
USD_JPY 2036日
共通日数 2036  2020-01-01..2026-07-09
強弱を作れた日 2031
